Archive member included to satisfy reference by file (symbol)

c:/st/stm32cubeide_1.11.2/stm32cubeide/plugins/com.st.stm32cube.ide.mcu.externaltools.gnu-tools-for-stm32.10.3-2021.10.win32_1.0.100.202210260954/tools/bin/../lib/gcc/arm-none-eabi/10.3.1/../../../../arm-none-eabi/lib/thumb/v7e-m+fp/hard\libc_nano.a(lib_a-errno.o)
                              ./Core/Src/syscalls.o (__errno)
c:/st/stm32cubeide_1.11.2/stm32cubeide/plugins/com.st.stm32cube.ide.mcu.externaltools.gnu-tools-for-stm32.10.3-2021.10.win32_1.0.100.202210260954/tools/bin/../lib/gcc/arm-none-eabi/10.3.1/../../../../arm-none-eabi/lib/thumb/v7e-m+fp/hard\libc_nano.a(lib_a-exit.o)
                              c:/st/stm32cubeide_1.11.2/stm32cubeide/plugins/com.st.stm32cube.ide.mcu.externaltools.gnu-tools-for-stm32.10.3-2021.10.win32_1.0.100.202210260954/tools/bin/../lib/gcc/arm-none-eabi/10.3.1/../../../../arm-none-eabi/lib/thumb/v7e-m+fp/hard/crt0.o (exit)
c:/st/stm32cubeide_1.11.2/stm32cubeide/plugins/com.st.stm32cube.ide.mcu.externaltools.gnu-tools-for-stm32.10.3-2021.10.win32_1.0.100.202210260954/tools/bin/../lib/gcc/arm-none-eabi/10.3.1/../../../../arm-none-eabi/lib/thumb/v7e-m+fp/hard\libc_nano.a(lib_a-impure.o)
                              c:/st/stm32cubeide_1.11.2/stm32cubeide/plugins/com.st.stm32cube.ide.mcu.externaltools.gnu-tools-for-stm32.10.3-2021.10.win32_1.0.100.202210260954/tools/bin/../lib/gcc/arm-none-eabi/10.3.1/../../../../arm-none-eabi/lib/thumb/v7e-m+fp/hard\libc_nano.a(lib_a-exit.o) (_global_impure_ptr)
c:/st/stm32cubeide_1.11.2/stm32cubeide/plugins/com.st.stm32cube.ide.mcu.externaltools.gnu-tools-for-stm32.10.3-2021.10.win32_1.0.100.202210260954/tools/bin/../lib/gcc/arm-none-eabi/10.3.1/../../../../arm-none-eabi/lib/thumb/v7e-m+fp/hard\libc_nano.a(lib_a-init.o)
                              c:/st/stm32cubeide_1.11.2/stm32cubeide/plugins/com.st.stm32cube.ide.mcu.externaltools.gnu-tools-for-stm32.10.3-2021.10.win32_1.0.100.202210260954/tools/bin/../lib/gcc/arm-none-eabi/10.3.1/../../../../arm-none-eabi/lib/thumb/v7e-m+fp/hard/crt0.o (__libc_init_array)
c:/st/stm32cubeide_1.11.2/stm32cubeide/plugins/com.st.stm32cube.ide.mcu.externaltools.gnu-tools-for-stm32.10.3-2021.10.win32_1.0.100.202210260954/tools/bin/../lib/gcc/arm-none-eabi/10.3.1/../../../../arm-none-eabi/lib/thumb/v7e-m+fp/hard\libc_nano.a(lib_a-memset.o)
                              c:/st/stm32cubeide_1.11.2/stm32cubeide/plugins/com.st.stm32cube.ide.mcu.externaltools.gnu-tools-for-stm32.10.3-2021.10.win32_1.0.100.202210260954/tools/bin/../lib/gcc/arm-none-eabi/10.3.1/../../../../arm-none-eabi/lib/thumb/v7e-m+fp/hard/crt0.o (memset)
c:/st/stm32cubeide_1.11.2/stm32cubeide/plugins/com.st.stm32cube.ide.mcu.externaltools.gnu-tools-for-stm32.10.3-2021.10.win32_1.0.100.202210260954/tools/bin/../lib/gcc/arm-none-eabi/10.3.1/thumb/v7e-m+fp/hard\libgcc.a(_arm_muldf3.o)
                              ./Core/Src/main.o (__aeabi_dmul)
c:/st/stm32cubeide_1.11.2/stm32cubeide/plugins/com.st.stm32cube.ide.mcu.externaltools.gnu-tools-for-stm32.10.3-2021.10.win32_1.0.100.202210260954/tools/bin/../lib/gcc/arm-none-eabi/10.3.1/thumb/v7e-m+fp/hard\libgcc.a(_arm_addsubdf3.o)
                              ./Core/Src/main.o (__aeabi_dsub)
c:/st/stm32cubeide_1.11.2/stm32cubeide/plugins/com.st.stm32cube.ide.mcu.externaltools.gnu-tools-for-stm32.10.3-2021.10.win32_1.0.100.202210260954/tools/bin/../lib/gcc/arm-none-eabi/10.3.1/thumb/v7e-m+fp/hard\libgcc.a(_arm_muldivdf3.o)
                              ./Core/Src/main.o (__aeabi_ddiv)
c:/st/stm32cubeide_1.11.2/stm32cubeide/plugins/com.st.stm32cube.ide.mcu.externaltools.gnu-tools-for-stm32.10.3-2021.10.win32_1.0.100.202210260954/tools/bin/../lib/gcc/arm-none-eabi/10.3.1/thumb/v7e-m+fp/hard\libgcc.a(_arm_fixunsdfsi.o)
                              ./Core/Src/main.o (__aeabi_d2uiz)
c:/st/stm32cubeide_1.11.2/stm32cubeide/plugins/com.st.stm32cube.ide.mcu.externaltools.gnu-tools-for-stm32.10.3-2021.10.win32_1.0.100.202210260954/tools/bin/../lib/gcc/arm-none-eabi/10.3.1/thumb/v7e-m+fp/hard\libgcc.a(_aeabi_uldivmod.o)
                              ./Drivers/STM32F4xx_HAL_Driver/Src/stm32f4xx_hal_rcc.o (__aeabi_uldivmod)
c:/st/stm32cubeide_1.11.2/stm32cubeide/plugins/com.st.stm32cube.ide.mcu.externaltools.gnu-tools-for-stm32.10.3-2021.10.win32_1.0.100.202210260954/tools/bin/../lib/gcc/arm-none-eabi/10.3.1/thumb/v7e-m+fp/hard\libgcc.a(_udivmoddi4.o)
                              c:/st/stm32cubeide_1.11.2/stm32cubeide/plugins/com.st.stm32cube.ide.mcu.externaltools.gnu-tools-for-stm32.10.3-2021.10.win32_1.0.100.202210260954/tools/bin/../lib/gcc/arm-none-eabi/10.3.1/thumb/v7e-m+fp/hard\libgcc.a(_aeabi_uldivmod.o) (__udivmoddi4)
c:/st/stm32cubeide_1.11.2/stm32cubeide/plugins/com.st.stm32cube.ide.mcu.externaltools.gnu-tools-for-stm32.10.3-2021.10.win32_1.0.100.202210260954/tools/bin/../lib/gcc/arm-none-eabi/10.3.1/thumb/v7e-m+fp/hard\libgcc.a(_dvmd_tls.o)
[...]
Memory Configuration

Name             Origin             Length             Attributes
RAM              0x0000000020000000 0x0000000000020000 xrw
FLASH            0x0000000008000000 0x0000000000080000 xr
*default*        0x0000000000000000 0xffffffffffffffff

Linker script and memory map

LOAD c:/st/stm32cubeide_1.11.2/stm32cubeide/plugins/com.st.stm32cube.ide.mcu.externaltools.gnu-tools-for-stm32.10.3-2021.10.win32_1.0.100.202210260954/tools/bin/../lib/gcc/arm-none-eabi/10.3.1/thumb/v7e-m+fp/hard/crti.o
LOAD c:/st/stm32cubeide_1.11.2/stm32cubeide/plugins/com.st.stm32cube.ide.mcu.externaltools.gnu-tools-for-stm32.10.3-2021.10.win32_1.0.100.202210260954/tools/bin/../lib/gcc/arm-none-eabi/10.3.1/thumb/v7e-m+fp/hard/crtbegin.o
LOAD c:/st/stm32cubeide_1.11.2/stm32cubeide/plugins/com.st.stm32cube.ide.mcu.externaltools.gnu-tools-for-stm32.10.3-2021.10.win32_1.0.100.202210260954/tools/bin/../lib/gcc/arm-none-eabi/10.3.1/../../../../arm-none-eabi/lib/thumb/v7e-m+fp/hard/crt0.o
LOAD ./Core/Src/main.o
LOAD ./Core/Src/stm32f4xx_hal_msp.o
LOAD ./Core/Src/stm32f4xx_it.o
LOAD ./Core/Src/syscalls.o
LOAD ./Core/Src/sysmem.o
LOAD ./Core/Src/system_stm32f4xx.o
LOAD ./Core/Startup/startup_stm32f411retx.o
LOAD ./Drivers/STM32F4xx_HAL_Driver/Src/stm32f4xx_hal.o
LOAD ./Drivers/STM32F4xx_HAL_Driver/Src/stm32f4xx_hal_adc.o
LOAD ./Drivers/STM32F4xx_HAL_Driver/Src/stm32f4xx_hal_adc_ex.o
LOAD ./Drivers/STM32F4xx_HAL_Driver/Src/stm32f4xx_hal_cortex.o
LOAD ./Drivers/STM32F4xx_HAL_Driver/Src/stm32f4xx_hal_dma.o
LOAD ./Drivers/STM32F4xx_HAL_Driver/Src/stm32f4xx_hal_dma_ex.o
LOAD ./Drivers/STM32F4xx_HAL_Driver/Src/stm32f4xx_hal_exti.o
LOAD ./Drivers/STM32F4xx_HAL_Driver/Src/stm32f4xx_hal_flash.o
LOAD ./Drivers/STM32F4xx_HAL_Driver/Src/stm32f4xx_hal_flash_ex.o
LOAD ./Drivers/STM32F4xx_HAL_Driver/Src/stm32f4xx_hal_flash_ramfunc.o
LOAD ./Drivers/STM32F4xx_HAL_Driver/Src/stm32f4xx_hal_gpio.o
LOAD ./Drivers/STM32F4xx_HAL_Driver/Src/stm32f4xx_hal_pwr.o
LOAD ./Drivers/STM32F4xx_HAL_Driver/Src/stm32f4xx_hal_pwr_ex.o
LOAD ./Drivers/STM32F4xx_HAL_Driver/Src/stm32f4xx_hal_rcc.o
LOAD ./Drivers/STM32F4xx_HAL_Driver/Src/stm32f4xx_hal_rcc_ex.o
LOAD ./Drivers/STM32F4xx_HAL_Driver/Src/stm32f4xx_hal_tim.o
LOAD ./Drivers/STM32F4xx_HAL_Driver/Src/stm32f4xx_hal_tim_ex.o
LOAD ./Drivers/STM32F4xx_HAL_Driver/Src/stm32f4xx_hal_uart.o
LOAD ./Drivers/STM32F4xx_HAL_Driver/Src/stm32f4xx_ll_adc.o
START GROUP
LOAD c:/st/stm32cubeide_1.11.2/stm32cubeide/plugins/com.st.stm32cube.ide.mcu.externaltools.gnu-tools-for-stm32.10.3-2021.10.win32_1.0.100.202210260954/tools/bin/../lib/gcc/arm-none-eabi/10.3.1/../../../../arm-none-eabi/lib/thumb/v7e-m+fp/hard\libc_nano.a
LOAD c:/st/stm32cubeide_1.11.2/stm32cubeide/plugins/com.st.stm32cube.ide.mcu.externaltools.gnu-tools-for-stm32.10.3-2021.10.win32_1.0.100.202210260954/tools/bin/../lib/gcc/arm-none-eabi/10.3.1/../../../../arm-none-eabi/lib/thumb/v7e-m+fp/hard\libm.a
END GROUP
START GROUP
LOAD c:/st/stm32cubeide_1.11.2/stm32cubeide/plugins/com.st.stm32cube.ide.mcu.externaltools.gnu-tools-for-stm32.10.3-2021.10.win32_1.0.100.202210260954/tools/bin/../lib/gcc/arm-none-eabi/10.3.1/thumb/v7e-m+fp/hard\libgcc.a
LOAD c:/st/stm32cubeide_1.11.2/stm32cubeide/plugins/com.st.stm32cube.ide.mcu.externaltools.gnu-tools-for-stm32.10.3-2021.10.win32_1.0.100.202210260954/tools/bin/../lib/gcc/arm-none-eabi/10.3.1/../../../../arm-none-eabi/lib/thumb/v7e-m+fp/hard\libc_nano.a
END GROUP
START GROUP
LOAD c:/st/stm32cubeide_1.11.2/stm32cubeide/plugins/com.st.stm32cube.ide.mcu.externaltools.gnu-tools-for-stm32.10.3-2021.10.win32_1.0.100.202210260954/tools/bin/../lib/gcc/arm-none-eabi/10.3.1/thumb/v7e-m+fp/hard\libgcc.a
LOAD c:/st/stm32cubeide_1.11.2/stm32cubeide/plugins/com.st.stm32cube.ide.mcu.externaltools.gnu-tools-for-stm32.10.3-2021.10.win32_1.0.100.202210260954/tools/bin/../lib/gcc/arm-none-eabi/10.3.1/../../../../arm-none-eabi/lib/thumb/v7e-m+fp/hard\libc_nano.a
LOAD c:/st/stm32cubeide_1.11.2/stm32cubeide/plugins/com.st.stm32cube.ide.mcu.externaltools.gnu-tools-for-stm32.10.3-2021.10.win32_1.0.100.202210260954/tools/bin/../lib/gcc/arm-none-eabi/10.3.1/../../../../arm-none-eabi/lib/thumb/v7e-m+fp/hard\libnosys.a
END GROUP
START GROUP
LOAD c:/st/stm32cubeide_1.11.2/stm32cubeide/plugins/com.st.stm32cube.ide.mcu.externaltools.gnu-tools-for-stm32.10.3-2021.10.win32_1.0.100.202210260954/tools/bin/../lib/gcc/arm-none-eabi/10.3.1/thumb/v7e-m+fp/hard\libgcc.a
LOAD c:/st/stm32cubeide_1.11.2/stm32cubeide/plugins/com.st.stm32cube.ide.mcu.externaltools.gnu-tools-for-stm32.10.3-2021.10.win32_1.0.100.202210260954/tools/bin/../lib/gcc/arm-none-eabi/10.3.1/../../../../arm-none-eabi/lib/thumb/v7e-m+fp/hard\libc_nano.a
LOAD c:/st/stm32cubeide_1.11.2/stm32cubeide/plugins/com.st.stm32cube.ide.mcu.externaltools.gnu-tools-for-stm32.10.3-2021.10.win32_1.0.100.202210260954/tools/bin/../lib/gcc/arm-none-eabi/10.3.1/../../../../arm-none-eabi/lib/thumb/v7e-m+fp/hard\libnosys.a
END GROUP
LOAD c:/st/stm32cubeide_1.11.2/stm32cubeide/plugins/com.st.stm32cube.ide.mcu.externaltools.gnu-tools-for-stm32.10.3-2021.10.win32_1.0.100.202210260954/tools/bin/../lib/gcc/arm-none-eabi/10.3.1/thumb/v7e-m+fp/hard/crtend.o
LOAD c:/st/stm32cubeide_1.11.2/stm32cubeide/plugins/com.st.stm32cube.ide.mcu.externaltools.gnu-tools-for-stm32.10.3-2021.10.win32_1.0.100.202210260954/tools/bin/../lib/gcc/arm-none-eabi/10.3.1/thumb/v7e-m+fp/hard/crtn.o
                0x0000000020020000                _estack = (ORIGIN (RAM) + LENGTH (RAM))
                0x0000000000000200                _Min_Heap_Size = 0x200
                0x0000000000000400                _Min_Stack_Size = 0x400

.isr_vector     0x0000000008000000      0x198
                0x0000000008000000                . = ALIGN (0x4)
 *(.isr_vector)
 .isr_vector    0x0000000008000000      0x198 ./Core/Startup/startup_stm32f411retx.o
                0x0000000008000000                g_pfnVectors
                0x0000000008000198                . = ALIGN (0x4)

.text           0x0000000008000198     0x3b74
                0x0000000008000198                . = ALIGN (0x4)
 *(.text)
 .text          0x0000000008000198       0x40 c:/st/stm32cubeide_1.11.2/stm32cubeide/plugins/com.st.stm32cube.ide.mcu.externaltools.gnu-tools-for-stm32.10.3-2021.10.win32_1.0.100.202210260954/tools/bin/../lib/gcc/arm-none-eabi/10.3.1/thumb/v7e-m+fp/hard/crtbegin.o
 .text          0x00000000080001d8      0x378 c:/st/stm32cubeide_1.11.2/stm32cubeide/plugins/com.st.stm32cube.ide.mcu.externaltools.gnu-tools-for-stm32.10.3-2021.10.win32_1.0.100.202210260954/tools/bin/../lib/gcc/arm-none-eabi/10.3.1/thumb/v7e-m+fp/hard\libgcc.a(_arm_addsubdf3.o)
                0x00000000080001d8                __aeabi_drsub
                0x00000000080001e0                __aeabi_dsub
                0x00000000080001e0                __subdf3
                0x00000000080001e4                __aeabi_dadd
                0x00000000080001e4                __adddf3
                0x000000000800045c                __floatunsidf
                0x000000000800045c                __aeabi_ui2d
                0x000000000800047c                __floatsidf
                0x000000000800047c                __aeabi_i2d
                0x00000000080004a0                __aeabi_f2d
                0x00000000080004a0                __extendsfdf2
                0x00000000080004e4                __floatundidf
                0x00000000080004e4                __aeabi_ul2d
                0x00000000080004f4                __floatdidf
                0x00000000080004f4                __aeabi_l2d
 .text          0x0000000008000550      0x424 c:/st/stm32cubeide_1.11.2/stm32cubeide/plugins/com.st.stm32cube.ide.mcu.externaltools.gnu-tools-for-stm32.10.3-2021.10.win32_1.0.100.202210260954/tools/bin/../lib/gcc/arm-none-eabi/10.3.1/thumb/v7e-m+fp/hard\libgcc.a(_arm_muldivdf3.o)
                0x0000000008000550                __aeabi_dmul
                0x0000000008000550                __muldf3
                0x00000000080007a4                __divdf3
                0x00000000080007a4                __aeabi_ddiv
 .text          0x0000000008000974       0x40 c:/st/stm32cubeide_1.11.2/stm32cubeide/plugins/com.st.stm32cube.ide.mcu.externaltools.gnu-tools-for-stm32.10.3-2021.10.win32_1.0.100.202210260954/tools/bin/../lib/gcc/arm-none-eabi/10.3.1/thumb/v7e-m+fp/hard\libgcc.a(_arm_fixunsdfsi.o)
                0x0000000008000974                __aeabi_d2uiz
                0x0000000008000974                __fixunsdfsi
 .text          0x00000000080009b4       0x30 c:/st/stm32cubeide_1.11.2/stm32cubeide/plugins/com.st.stm32cube.ide.mcu.externaltools.gnu-tools-for-stm32.10.3-2021.10.win32_1.0.100.202210260954/tools/bin/../lib/gcc/arm-none-eabi/10.3.1/thumb/v7e-m+fp/hard\libgcc.a(_aeabi_uldivmod.o)
                0x00000000080009b4                __aeabi_uldivmod
 .text          0x00000000080009e4      0x2d0 c:/st/stm32cubeide_1.11.2/stm32cubeide/plugins/com.st.stm32cube.ide.mcu.externaltools.gnu-tools-for-stm32.10.3-2021.10.win32_1.0.100.202210260954/tools/bin/../lib/gcc/arm-none-eabi/10.3.1/thumb/v7e-m+fp/hard\libgcc.a(_udivmoddi4.o)
                0x00000000080009e4                __udivmoddi4
 .text          0x0000000008000cb4        0x4 c:/st/stm32cubeide_1.11.2/stm32cubeide/plugins/com.st.stm32cube.ide.mcu.externaltools.gnu-tools-for-stm32.10.3-2021.10.win32_1.0.100.202210260954/tools/bin/../lib/gcc/arm-none-eabi/10.3.1/thumb/v7e-m+fp/hard\libgcc.a(_dvmd_tls.o)
                0x0000000008000cb4                __aeabi_idiv0
                0x0000000008000cb4                __aeabi_ldiv0
 *(.text*)
 .text.main     0x0000000008000cb8       0x7c ./Core/Src/main.o
                0x0000000008000cb8                main
 .text.SystemClock_Config
                0x0000000008000d34       0xd4 ./Core/Src/main.o
                0x0000000008000d34                SystemClock_Config
 .text.MX_ADC1_Init
                0x0000000008000e08       0xe8 ./Core/Src/main.o
 .text.MX_USART2_UART_Init
                0x0000000008000ef0       0x54 ./Core/Src/main.o
 .text.MX_DMA_Init
                0x0000000008000f44       0x40 ./Core/Src/main.o
 .text.MX_GPIO_Init
                0x0000000008000f84      0x18c ./Core/Src/main.o
 .text.func     0x0000000008001110      0x23c ./Core/Src/main.o
                0x0000000008001110                func
 .text.ReadMatrixButton_1Row
                0x000000000800134c       0xfc ./Core/Src/main.o
                0x000000000800134c                ReadMatrixButton_1Row
 .text.btm      0x0000000008001448      0x134 ./Core/Src/main.o
                0x0000000008001448                btm
 .text.Error_Handler
                0x000000000800157c        0xa ./Core/Src/main.o
                0x000000000800157c                Error_Handler
 *fill*         0x0000000008001586        0x2 
 .text.HAL_MspInit
                0x0000000008001588       0x50 ./Core/Src/stm32f4xx_hal_msp.o
                0x0000000008001588                HAL_MspInit
 .text.HAL_ADC_MspInit
                0x00000000080015d8       0xf0 ./Core/Src/stm32f4xx_hal_msp.o
                0x00000000080015d8                HAL_ADC_MspInit
 .text.HAL_UART_MspInit
                0x00000000080016c8       0x90 ./Core/Src/stm32f4xx_hal_msp.o
                0x00000000080016c8                HAL_UART_MspInit
 .text.NMI_Handler
                0x0000000008001758        0x6 ./Core/Src/stm32f4xx_it.o
                0x0000000008001758                NMI_Handler
 .text.HardFault_Handler
                0x000000000800175e        0x6 ./Core/Src/stm32f4xx_it.o
                0x000000000800175e                HardFault_Handler
 .text.MemManage_Handler
                0x0000000008001764        0x6 ./Core/Src/stm32f4xx_it.o
                0x0000000008001764                MemManage_Handler
 .text.BusFault_Handler
                0x000000000800176a        0x6 ./Core/Src/stm32f4xx_it.o
                0x000000000800176a                BusFault_Handler
 .text.UsageFault_Handler
                0x0000000008001770        0x6 ./Core/Src/stm32f4xx_it.o
                0x0000000008001770                UsageFault_Handler
 .text.SVC_Handler
                0x0000000008001776        0xe ./Core/Src/stm32f4xx_it.o
                0x0000000008001776                SVC_Handler
 .text.DebugMon_Handler
                0x0000000008001784        0xe ./Core/Src/stm32f4xx_it.o
                0x0000000008001784                DebugMon_Handler
 .text.PendSV_Handler
                0x0000000008001792        0xe ./Core/Src/stm32f4xx_it.o
                0x0000000008001792                PendSV_Handler
 .text.SysTick_Handler
                0x00000000080017a0        0xc ./Core/Src/stm32f4xx_it.o
                0x00000000080017a0                SysTick_Handler
 .text.EXTI15_10_IRQHandler
                0x00000000080017ac       0x10 ./Core/Src/stm32f4xx_it.o
                0x00000000080017ac                EXTI15_10_IRQHandler
 .text.DMA2_Stream0_IRQHandler
                0x00000000080017bc       0x14 ./Core/Src/stm32f4xx_it.o
                0x00000000080017bc                DMA2_Stream0_IRQHandler
 .text.SystemInit
                0x00000000080017d0       0x24 ./Core/Src/system_stm32f4xx.o
                0x00000000080017d0                SystemInit
 .text.Reset_Handler
                0x00000000080017f4       0x50 ./Core/Startup/startup_stm32f411retx.o
                0x00000000080017f4                Reset_Handler
 .text.Default_Handler
                0x0000000008001844        0x2 ./Core/Startup/startup_stm32f411retx.o
                0x0000000008001844                RTC_Alarm_IRQHandler
                0x0000000008001844                EXTI2_IRQHandler
                0x0000000008001844                SPI4_IRQHandler
                0x0000000008001844                TIM1_CC_IRQHandler
                0x0000000008001844                DMA2_Stream5_IRQHandler
                0x0000000008001844                DMA1_Stream5_IRQHandler
                0x0000000008001844                PVD_IRQHandler
                0x0000000008001844                SDIO_IRQHandler
                0x0000000008001844                TAMP_STAMP_IRQHandler
                0x0000000008001844                EXTI3_IRQHandler
                0x0000000008001844                TIM1_UP_TIM10_IRQHandler
                0x0000000008001844                I2C3_ER_IRQHandler
                0x0000000008001844                EXTI0_IRQHandler
                0x0000000008001844                I2C2_EV_IRQHandler
                0x0000000008001844                DMA1_Stream2_IRQHandler
                0x0000000008001844                FPU_IRQHandler
                0x0000000008001844                DMA2_Stream2_IRQHandler
                0x0000000008001844                SPI1_IRQHandler
                0x0000000008001844                TIM1_BRK_TIM9_IRQHandler
                0x0000000008001844                DMA2_Stream3_IRQHandler
                0x0000000008001844                USART6_IRQHandler
                0x0000000008001844                TIM4_IRQHandler
                0x0000000008001844                I2C1_EV_IRQHandler
                0x0000000008001844                DMA1_Stream6_IRQHandler
                0x0000000008001844                DMA1_Stream1_IRQHandler
                0x0000000008001844                TIM3_IRQHandler
                0x0000000008001844                RCC_IRQHandler
                0x0000000008001844                Default_Handler
                0x0000000008001844                ADC_IRQHandler
                0x0000000008001844                DMA1_Stream7_IRQHandler
                0x0000000008001844                SPI5_IRQHandler
                0x0000000008001844                TIM5_IRQHandler
                0x0000000008001844                DMA2_Stream7_IRQHandler
                0x0000000008001844                I2C3_EV_IRQHandler
                0x0000000008001844                EXTI9_5_IRQHandler
                0x0000000008001844                RTC_WKUP_IRQHandler
                0x0000000008001844                SPI2_IRQHandler
                0x0000000008001844                DMA1_Stream0_IRQHandler
                0x0000000008001844                EXTI4_IRQHandler
                0x0000000008001844                WWDG_IRQHandler
                0x0000000008001844                TIM2_IRQHandler
                0x0000000008001844                OTG_FS_WKUP_IRQHandler
                0x0000000008001844                TIM1_TRG_COM_TIM11_IRQHandler
                0x0000000008001844                EXTI1_IRQHandler
                0x0000000008001844                USART2_IRQHandler
                0x0000000008001844                I2C2_ER_IRQHandler
                0x0000000008001844                DMA2_Stream1_IRQHandler
                0x0000000008001844                FLASH_IRQHandler
                0x0000000008001844                DMA2_Stream4_IRQHandler
                0x0000000008001844                USART1_IRQHandler
                0x0000000008001844                OTG_FS_IRQHandler
                0x0000000008001844                SPI3_IRQHandler
                0x0000000008001844                DMA1_Stream4_IRQHandler
                0x0000000008001844                I2C1_ER_IRQHandler
                0x0000000008001844                DMA2_Stream6_IRQHandler
                0x0000000008001844                DMA1_Stream3_IRQHandler
 *fill*         0x0000000008001846        0x2 
 .text.HAL_Init
                0x0000000008001848       0x44 ./Drivers/STM32F4xx_HAL_Driver/Src/stm32f4xx_hal.o
                0x0000000008001848                HAL_Init
 .text.HAL_InitTick
                0x000000000800188c       0x60 ./Drivers/STM32F4xx_HAL_Driver/Src/stm32f4xx_hal.o
                0x000000000800188c                HAL_InitTick
 .text.HAL_IncTick
                0x00000000080018ec       0x28 ./Drivers/STM32F4xx_HAL_Driver/Src/stm32f4xx_hal.o
                0x00000000080018ec                HAL_IncTick
 .text.HAL_GetTick
                0x0000000008001914       0x18 ./Drivers/STM32F4xx_HAL_Driver/Src/stm32f4xx_hal.o
                0x0000000008001914                HAL_GetTick
 .text.HAL_ADC_Init
                0x000000000800192c       0x86 ./Drivers/STM32F4xx_HAL_Driver/Src/stm32f4xx_hal_adc.o
                0x000000000800192c                HAL_ADC_Init
 *fill*         0x00000000080019b2        0x2 
 .text.HAL_ADC_Start_DMA
                0x00000000080019b4      0x1e0 ./Drivers/STM32F4xx_HAL_Driver/Src/stm32f4xx_hal_adc.o
                0x00000000080019b4                HAL_ADC_Start_DMA
 .text.HAL_ADC_ConvCpltCallback
                0x0000000008001b94       0x14 ./Drivers/STM32F4xx_HAL_Driver/Src/stm32f4xx_hal_adc.o
                0x0000000008001b94                HAL_ADC_ConvCpltCallback
 .text.HAL_ADC_ConvHalfCpltCallback
                0x0000000008001ba8       0x14 ./Drivers/STM32F4xx_HAL_Driver/Src/stm32f4xx_hal_adc.o
                0x0000000008001ba8                HAL_ADC_ConvHalfCpltCallback
 .text.HAL_ADC_ErrorCallback
                0x0000000008001bbc       0x14 ./Drivers/STM32F4xx_HAL_Driver/Src/stm32f4xx_hal_adc.o
                0x0000000008001bbc                HAL_ADC_ErrorCallback
 .text.HAL_ADC_ConfigChannel
                0x0000000008001bd0      0x264 ./Drivers/STM32F4xx_HAL_Driver/Src/stm32f4xx_hal_adc.o
                0x0000000008001bd0                HAL_ADC_ConfigChannel
 .text.ADC_Init
                0x0000000008001e34      0x1f8 ./Drivers/STM32F4xx_HAL_Driver/Src/stm32f4xx_hal_adc.o
 .text.ADC_DMAConvCplt
                0x000000000800202c       0xba ./Drivers/STM32F4xx_HAL_Driver/Src/stm32f4xx_hal_adc.o
 .text.ADC_DMAHalfConvCplt
                0x00000000080020e6       0x1c ./Drivers/STM32F4xx_HAL_Driver/Src/stm32f4xx_hal_adc.o
 .text.ADC_DMAError
                0x0000000008002102       0x2e ./Drivers/STM32F4xx_HAL_Driver/Src/stm32f4xx_hal_adc.o
 .text.__NVIC_SetPriorityGrouping
                0x0000000008002130       0x48 ./Drivers/STM32F4xx_HAL_Driver/Src/stm32f4xx_hal_cortex.o
 .text.__NVIC_GetPriorityGrouping
                0x0000000008002178       0x1c ./Drivers/STM32F4xx_HAL_Driver/Src/stm32f4xx_hal_cortex.o
 .text.__NVIC_EnableIRQ
                0x0000000008002194       0x3c ./Drivers/STM32F4xx_HAL_Driver/Src/stm32f4xx_hal_cortex.o
 .text.__NVIC_SetPriority
                0x00000000080021d0       0x54 ./Drivers/STM32F4xx_HAL_Driver/Src/stm32f4xx_hal_cortex.o
 .text.NVIC_EncodePriority
                0x0000000008002224       0x66 ./Drivers/STM32F4xx_HAL_Driver/Src/stm32f4xx_hal_cortex.o
 *fill*         0x000000000800228a        0x2 
 .text.SysTick_Config
                0x000000000800228c       0x44 ./Drivers/STM32F4xx_HAL_Driver/Src/stm32f4xx_hal_cortex.o
 .text.HAL_NVIC_SetPriorityGrouping
                0x00000000080022d0       0x16 ./Drivers/STM32F4xx_HAL_Driver/Src/stm32f4xx_hal_cortex.o
                0x00000000080022d0                HAL_NVIC_SetPriorityGrouping
 .text.HAL_NVIC_SetPriority
                0x00000000080022e6       0x38 ./Drivers/STM32F4xx_HAL_Driver/Src/stm32f4xx_hal_cortex.o
                0x00000000080022e6                HAL_NVIC_SetPriority
 .text.HAL_NVIC_EnableIRQ
                0x000000000800231e       0x1c ./Drivers/STM32F4xx_HAL_Driver/Src/stm32f4xx_hal_cortex.o
                0x000000000800231e                HAL_NVIC_EnableIRQ
 .text.HAL_SYSTICK_Config
                0x000000000800233a       0x18 ./Drivers/STM32F4xx_HAL_Driver/Src/stm32f4xx_hal_cortex.o
                0x000000000800233a                HAL_SYSTICK_Config
 *fill*         0x0000000008002352        0x2 
 .text.HAL_DMA_Init
                0x0000000008002354      0x15c ./Drivers/STM32F4xx_HAL_Driver/Src/stm32f4xx_hal_dma.o
                0x0000000008002354                HAL_DMA_Init
 .text.HAL_DMA_Start_IT
                0x00000000080024b0       0xb0 ./Drivers/STM32F4xx_HAL_Driver/Src/stm32f4xx_hal_dma.o
                0x00000000080024b0                HAL_DMA_Start_IT
 .text.HAL_DMA_IRQHandler
                0x0000000008002560      0x314 ./Drivers/STM32F4xx_HAL_Driver/Src/stm32f4xx_hal_dma.o
                0x0000000008002560                HAL_DMA_IRQHandler
 .text.DMA_SetConfig
                0x0000000008002874       0x5c ./Drivers/STM32F4xx_HAL_Driver/Src/stm32f4xx_hal_dma.o
 .text.DMA_CalcBaseAndBitshift
                0x00000000080028d0       0x6c ./Drivers/STM32F4xx_HAL_Driver/Src/stm32f4xx_hal_dma.o
 .text.DMA_CheckFifoParam
                0x000000000800293c       0xf8 ./Drivers/STM32F4xx_HAL_Driver/Src/stm32f4xx_hal_dma.o
 .text.HAL_GPIO_Init
                0x0000000008002a34      0x308 ./Drivers/STM32F4xx_HAL_Driver/Src/stm32f4xx_hal_gpio.o
                0x0000000008002a34                HAL_GPIO_Init
 .text.HAL_GPIO_ReadPin
                0x0000000008002d3c       0x30 ./Drivers/STM32F4xx_HAL_Driver/Src/stm32f4xx_hal_gpio.o
                0x0000000008002d3c                HAL_GPIO_ReadPin
 .text.HAL_GPIO_WritePin
                0x0000000008002d6c       0x32 ./Drivers/STM32F4xx_HAL_Driver/Src/stm32f4xx_hal_gpio.o
                0x0000000008002d6c                HAL_GPIO_WritePin
 *fill*         0x0000000008002d9e        0x2 
 .text.HAL_GPIO_EXTI_IRQHandler
                0x0000000008002da0       0x30 ./Drivers/STM32F4xx_HAL_Driver/Src/stm32f4xx_hal_gpio.o
                0x0000000008002da0                HAL_GPIO_EXTI_IRQHandler
 .text.HAL_GPIO_EXTI_Callback
                0x0000000008002dd0       0x16 ./Drivers/STM32F4xx_HAL_Driver/Src/stm32f4xx_hal_gpio.o
                0x0000000008002dd0                HAL_GPIO_EXTI_Callback
 *fill*         0x0000000008002de6        0x2 
 .text.HAL_RCC_OscConfig
                0x0000000008002de8      0x4f0 ./Drivers/STM32F4xx_HAL_Driver/Src/stm32f4xx_hal_rcc.o
                0x0000000008002de8                HAL_RCC_OscConfig
 .text.HAL_RCC_ClockConfig
                0x00000000080032d8      0x1cc ./Drivers/STM32F4xx_HAL_Driver/Src/stm32f4xx_hal_rcc.o
                0x00000000080032d8                HAL_RCC_ClockConfig
 .text.HAL_RCC_GetSysClockFreq
                0x00000000080034a4      0x20c ./Drivers/STM32F4xx_HAL_Driver/Src/stm32f4xx_hal_rcc.o
                0x00000000080034a4                HAL_RCC_GetSysClockFreq
 .text.HAL_RCC_GetHCLKFreq
                0x00000000080036b0       0x18 ./Drivers/STM32F4xx_HAL_Driver/Src/stm32f4xx_hal_rcc.o
                0x00000000080036b0                HAL_RCC_GetHCLKFreq
 .text.HAL_RCC_GetPCLK1Freq
                0x00000000080036c8       0x28 ./Drivers/STM32F4xx_HAL_Driver/Src/stm32f4xx_hal_rcc.o
                0x00000000080036c8                HAL_RCC_GetPCLK1Freq
 .text.HAL_RCC_GetPCLK2Freq
                0x00000000080036f0       0x28 ./Drivers/STM32F4xx_HAL_Driver/Src/stm32f4xx_hal_rcc.o
                0x00000000080036f0                HAL_RCC_GetPCLK2Freq
 .text.HAL_UART_Init
                0x0000000008003718       0x9a ./Drivers/STM32F4xx_HAL_Driver/Src/stm32f4xx_hal_uart.o
                0x0000000008003718                HAL_UART_Init
 *fill*         0x00000000080037b2        0x2 
 .text.UART_SetConfig
                0x00000000080037b4      0x4e8 ./Drivers/STM32F4xx_HAL_Driver/Src/stm32f4xx_hal_uart.o
 .text.__libc_init_array
                0x0000000008003c9c       0x48 c:/st/stm32cubeide_1.11.2/stm32cubeide/plugins/com.st.stm32cube.ide.mcu.externaltools.gnu-tools-for-stm32.10.3-2021.10.win32_1.0.100.202210260954/tools/bin/../lib/gcc/arm-none-eabi/10.3.1/../../../../arm-none-eabi/lib/thumb/v7e-m+fp/hard\libc_nano.a(lib_a-init.o)
                0x0000000008003c9c                __libc_init_array
 .text.memset   0x0000000008003ce4       0x10 c:/st/stm32cubeide_1.11.2/stm32cubeide/plugins/com.st.stm32cube.ide.mcu.externaltools.gnu-tools-for-stm32.10.3-2021.10.win32_1.0.100.202210260954/tools/bin/../lib/gcc/arm-none-eabi/10.3.1/../../../../arm-none-eabi/lib/thumb/v7e-m+fp/hard\libc_nano.a(lib_a-memset.o)
                0x0000000008003ce4                memset
 *(.glue_7)
 .glue_7        0x0000000008003cf4        0x0 linker stubs
 *(.glue_7t)
 .glue_7t       0x0000000008003cf4        0x0 linker stubs
 *(.eh_frame)
 .eh_frame      0x0000000008003cf4        0x0 c:/st/stm32cubeide_1.11.2/stm32cubeide/plugins/com.st.stm32cube.ide.mcu.externaltools.gnu-tools-for-stm32.10.3-2021.10.win32_1.0.100.202210260954/tools/bin/../lib/gcc/arm-none-eabi/10.3.1/thumb/v7e-m+fp/hard/crtbegin.o
 *(.init)
 .init          0x0000000008003cf4        0x4 c:/st/stm32cubeide_1.11.2/stm32cubeide/plugins/com.st.stm32cube.ide.mcu.externaltools.gnu-tools-for-stm32.10.3-2021.10.win32_1.0.100.202210260954/tools/bin/../lib/gcc/arm-none-eabi/10.3.1/thumb/v7e-m+fp/hard/crti.o
                0x0000000008003cf4                _init
 .init          0x0000000008003cf8        0x8 c:/st/stm32cubeide_1.11.2/stm32cubeide/plugins/com.st.stm32cube.ide.mcu.externaltools.gnu-tools-for-stm32.10.3-2021.10.win32_1.0.100.202210260954/tools/bin/../lib/gcc/arm-none-eabi/10.3.1/thumb/v7e-m+fp/hard/crtn.o
 *(.fini)
 .fini          0x0000000008003d00        0x4 c:/st/stm32cubeide_1.11.2/stm32cubeide/plugins/com.st.stm32cube.ide.mcu.externaltools.gnu-tools-for-stm32.10.3-2021.10.win32_1.0.100.202210260954/tools/bin/../lib/gcc/arm-none-eabi/10.3.1/thumb/v7e-m+fp/hard/crti.o
                0x0000000008003d00                _fini
 .fini          0x0000000008003d04        0x8 c:/st/stm32cubeide_1.11.2/stm32cubeide/plugins/com.st.stm32cube.ide.mcu.externaltools.gnu-tools-for-stm32.10.3-2021.10.win32_1.0.100.202210260954/tools/bin/../lib/gcc/arm-none-eabi/10.3.1/thumb/v7e-m+fp/hard/crtn.o
                0x0000000008003d0c                . = ALIGN (0x4)
                0x0000000008003d0c                _etext = .

.vfp11_veneer   0x0000000008003d0c        0x0
 .vfp11_veneer  0x0000000008003d0c        0x0 linker stubs

.v4_bx          0x0000000008003d0c        0x0
 .v4_bx         0x0000000008003d0c        0x0 linker stubs

.iplt           0x0000000008003d0c        0x0
 .iplt          0x0000000008003d0c        0x0 c:/st/stm32cubeide_1.11.2/stm32cubeide/plugins/com.st.stm32cube.ide.mcu.externaltools.gnu-tools-for-stm32.10.3-2021.10.win32_1.0.100.202210260954/tools/bin/../lib/gcc/arm-none-eabi/10.3.1/thumb/v7e-m+fp/hard/crtbegin.o

.rodata         0x0000000008003d0c       0x20
                0x0000000008003d0c                . = ALIGN (0x4)
 *(.rodata)
 *(.rodata*)
 .rodata.AHBPrescTable
                0x0000000008003d0c       0x10 ./Core/Src/system_stm32f4xx.o
                0x0000000008003d0c                AHBPrescTable
 .rodata.APBPrescTable
                0x0000000008003d1c        0x8 ./Core/Src/system_stm32f4xx.o
                0x0000000008003d1c                APBPrescTable
 .rodata.flagBitshiftOffset.0
                0x0000000008003d24        0x8 ./Drivers/STM32F4xx_HAL_Driver/Src/stm32f4xx_hal_dma.o
                0x0000000008003d2c                . = ALIGN (0x4)

.ARM.extab      0x0000000008003d2c        0x0
                0x0000000008003d2c                . = ALIGN (0x4)
 *(.ARM.extab* .gnu.linkonce.armextab.*)
                0x0000000008003d2c                . = ALIGN (0x4)

.ARM            0x0000000008003d2c        0x8
                0x0000000008003d2c                . = ALIGN (0x4)
                0x0000000008003d2c                __exidx_start = .
 *(.ARM.exidx*)
 .ARM.exidx     0x0000000008003d2c        0x8 c:/st/stm32cubeide_1.11.2/stm32cubeide/plugins/com.st.stm32cube.ide.mcu.externaltools.gnu-tools-for-stm32.10.3-2021.10.win32_1.0.100.202210260954/tools/bin/../lib/gcc/arm-none-eabi/10.3.1/thumb/v7e-m+fp/hard\libgcc.a(_udivmoddi4.o)
                0x0000000008003d34                __exidx_end = .
                0x0000000008003d34                . = ALIGN (0x4)

.rel.dyn        0x0000000008003d34        0x0
 .rel.iplt      0x0000000008003d34        0x0 c:/st/stm32cubeide_1.11.2/stm32cubeide/plugins/com.st.stm32cube.ide.mcu.externaltools.gnu-tools-for-stm32.10.3-2021.10.win32_1.0.100.202210260954/tools/bin/../lib/gcc/arm-none-eabi/10.3.1/thumb/v7e-m+fp/hard/crtbegin.o

.preinit_array  0x0000000008003d34        0x0
                0x0000000008003d34                . = ALIGN (0x4)
                0x0000000008003d34                PROVIDE (__preinit_array_start = .)
 *(.preinit_array*)
                0x0000000008003d34                PROVIDE (__preinit_array_end = .)
                0x0000000008003d34                . = ALIGN (0x4)

.init_array     0x0000000008003d34        0x4
                0x0000000008003d34                . = ALIGN (0x4)
                0x0000000008003d34                PROVIDE (__init_array_start = .)
 *(SORT_BY_NAME(.init_array.*))
 *(.init_array*)
 .init_array    0x0000000008003d34        0x4 c:/st/stm32cubeide_1.11.2/stm32cubeide/plugins/com.st.stm32cube.ide.mcu.externaltools.gnu-tools-for-stm32.10.3-2021.10.win32_1.0.100.202210260954/tools/bin/../lib/gcc/arm-none-eabi/10.3.1/thumb/v7e-m+fp/hard/crtbegin.o
                0x0000000008003d38                PROVIDE (__init_array_end = .)
                0x0000000008003d38                . = ALIGN (0x4)

.fini_array     0x0000000008003d38        0x4
                0x0000000008003d38                . = ALIGN (0x4)
                [!provide]                        PROVIDE (__fini_array_start = .)
 *(SORT_BY_NAME(.fini_array.*))
 *(.fini_array*)
 .fini_array    0x0000000008003d38        0x4 c:/st/stm32cubeide_1.11.2/stm32cubeide/plugins/com.st.stm32cube.ide.mcu.externaltools.gnu-tools-for-stm32.10.3-2021.10.win32_1.0.100.202210260954/tools/bin/../lib/gcc/arm-none-eabi/10.3.1/thumb/v7e-m+fp/hard/crtbegin.o
                [!provide]                        PROVIDE (__fini_array_end = .)
                0x0000000008003d3c                . = ALIGN (0x4)
                0x0000000008003d3c                _sidata = LOADADDR (.data)

.data           0x0000000020000000       0x4c load address 0x0000000008003d3c
                0x0000000020000000                . = ALIGN (0x4)
                0x0000000020000000                _sdata = .
 *(.data)
 *(.data*)
 .data.R        0x0000000020000000       0x20 ./Core/Src/main.o
                0x0000000020000000                R
 .data.L        0x0000000020000020       0x20 ./Core/Src/main.o
                0x0000000020000020                L
 .data.SystemCoreClock
                0x0000000020000040        0x4 ./Core/Src/system_stm32f4xx.o
                0x0000000020000040                SystemCoreClock
 .data.uwTickPrio
                0x0000000020000044        0x4 ./Drivers/STM32F4xx_HAL_Driver/Src/stm32f4xx_hal.o
                0x0000000020000044                uwTickPrio
 .data.uwTickFreq
                0x0000000020000048        0x1 ./Drivers/STM32F4xx_HAL_Driver/Src/stm32f4xx_hal.o
                0x0000000020000048                uwTickFreq
 *(.RamFunc)
 *(.RamFunc*)
                0x000000002000004c                . = ALIGN (0x4)
 *fill*         0x0000000020000049        0x3 
                0x000000002000004c                _edata = .

.igot.plt       0x000000002000004c        0x0 load address 0x0000000008003d88
 .igot.plt      0x000000002000004c        0x0 c:/st/stm32cubeide_1.11.2/stm32cubeide/plugins/com.st.stm32cube.ide.mcu.externaltools.gnu-tools-for-stm32.10.3-2021.10.win32_1.0.100.202210260954/tools/bin/../lib/gcc/arm-none-eabi/10.3.1/thumb/v7e-m+fp/hard/crtbegin.o
                0x000000002000004c                . = ALIGN (0x4)

.bss            0x000000002000004c      0x168 load address 0x0000000008003d88
                0x000000002000004c                _sbss = .
                0x000000002000004c                __bss_start__ = _sbss
 *(.bss)
 .bss           0x000000002000004c       0x1c c:/st/stm32cubeide_1.11.2/stm32cubeide/plugins/com.st.stm32cube.ide.mcu.externaltools.gnu-tools-for-stm32.10.3-2021.10.win32_1.0.100.202210260954/tools/bin/../lib/gcc/arm-none-eabi/10.3.1/thumb/v7e-m+fp/hard/crtbegin.o
 *(.bss*)
 .bss.hadc1     0x0000000020000068       0x48 ./Core/Src/main.o
                0x0000000020000068                hadc1
 .bss.hdma_adc1
                0x00000000200000b0       0x60 ./Core/Src/main.o
                0x00000000200000b0                hdma_adc1
 .bss.huart2    0x0000000020000110       0x44 ./Core/Src/main.o
                0x0000000020000110                huart2
 .bss.adcdmabuffer
                0x0000000020000154       0x3c ./Core/Src/main.o
                0x0000000020000154                adcdmabuffer
 .bss.ButtonMatrix
                0x0000000020000190        0x2 ./Core/Src/main.o
                0x0000000020000190                ButtonMatrix
 .bss.sum       0x0000000020000192        0x2 ./Core/Src/main.o
                0x0000000020000192                sum
 .bss.LastButton
                0x0000000020000194        0x4 ./Core/Src/main.o
                0x0000000020000194                LastButton
 .bss.voltb     0x0000000020000198        0x2 ./Core/Src/main.o
                0x0000000020000198                voltb
 .bss.volt      0x000000002000019a        0x2 ./Core/Src/main.o
                0x000000002000019a                volt
 .bss.tempb     0x000000002000019c        0x2 ./Core/Src/main.o
                0x000000002000019c                tempb
 .bss.temp      0x000000002000019e        0x2 ./Core/Src/main.o
                0x000000002000019e                temp
 .bss.voltb2    0x00000000200001a0        0x2 ./Core/Src/main.o
                0x00000000200001a0                voltb2
 .bss.volt2     0x00000000200001a2        0x2 ./Core/Src/main.o
                0x00000000200001a2                volt2
 .bss.timestamp.2
                0x00000000200001a4        0x4 ./Core/Src/main.o
 .bss.sub.1     0x00000000200001a8        0x4 ./Core/Src/main.o
 .bss.X.0       0x00000000200001ac        0x1 ./Core/Src/main.o
 *fill*         0x00000000200001ad        0x3 
 .bss.uwTick    0x00000000200001b0        0x4 ./Drivers/STM32F4xx_HAL_Driver/Src/stm32f4xx_hal.o
                0x00000000200001b0                uwTick
 *(COMMON)
                0x00000000200001b4                . = ALIGN (0x4)
                0x00000000200001b4                _ebss = .
                0x00000000200001b4                __bss_end__ = _ebss

._user_heap_stack
                0x00000000200001b4      0x604 load address 0x0000000008003d88
                0x00000000200001b8                . = ALIGN (0x8)
 *fill*         0x00000000200001b4        0x4 
                [!provide]                        PROVIDE (end = .)
                0x00000000200001b8                PROVIDE (_end = .)
                0x00000000200003b8                . = (. + _Min_Heap_Size)
 *fill*         0x00000000200001b8      0x200 
                0x00000000200007b8                . = (. + _Min_Stack_Size)
 *fill*         0x00000000200003b8      0x400 
                0x00000000200007b8                . = ALIGN (0x8)

/DISCARD/
 libc.a(*)
 libm.a(*)
 libgcc.a(*)

.ARM.attributes
                0x0000000000000000       0x30
 *(.ARM.attributes)
 .ARM.attributes
                0x0000000000000000       0x1e c:/st/stm32cubeide_1.11.2/stm32cubeide/plugins/com.st.stm32cube.ide.mcu.externaltools.gnu-tools-for-stm32.10.3-2021.10.win32_1.0.100.202210260954/tools/bin/../lib/gcc/arm-none-eabi/10.3.1/thumb/v7e-m+fp/hard/crti.o
 .ARM.attributes
                0x000000000000001e       0x34 c:/st/stm32cubeide_1.11.2/stm32cubeide/plugins/com.st.stm32cube.ide.mcu.externaltools.gnu-tools-for-stm32.10.3-2021.10.win32_1.0.100.202210260954/tools/bin/../lib/gcc/arm-none-eabi/10.3.1/thumb/v7e-m+fp/hard/crtbegin.o
 .ARM.attributes
                0x0000000000000052       0x34 ./Core/Src/main.o
 .ARM.attributes
                0x0000000000000086       0x34 ./Core/Src/stm32f4xx_hal_msp.o
 .ARM.attributes
                0x00000000000000ba       0x34 ./Core/Src/stm32f4xx_it.o
 .ARM.attributes
                0x00000000000000ee       0x34 ./Core/Src/system_stm32f4xx.o
 .ARM.attributes
                0x0000000000000122       0x21 ./Core/Startup/startup_stm32f411retx.o
 .ARM.attributes
                0x0000000000000143       0x34 ./Drivers/STM32F4xx_HAL_Driver/Src/stm32f4xx_hal.o
 .ARM.attributes
                0x0000000000000177       0x34 ./Drivers/STM32F4xx_HAL_Driver/Src/stm32f4xx_hal_adc.o
 .ARM.attributes
                0x00000000000001ab       0x34 ./Drivers/STM32F4xx_HAL_Driver/Src/stm32f4xx_hal_cortex.o
 .ARM.attributes
                0x00000000000001df       0x34 ./Drivers/STM32F4xx_HAL_Driver/Src/stm32f4xx_hal_dma.o
 .ARM.attributes
                0x0000000000000213       0x34 ./Drivers/STM32F4xx_HAL_Driver/Src/stm32f4xx_hal_gpio.o
 .ARM.attributes
                0x0000000000000247       0x34 ./Drivers/STM32F4xx_HAL_Driver/Src/stm32f4xx_hal_rcc.o
 .ARM.attributes
                0x000000000000027b       0x34 ./Drivers/STM32F4xx_HAL_Driver/Src/stm32f4xx_hal_uart.o
 .ARM.attributes
                0x00000000000002af       0x34 c:/st/stm32cubeide_1.11.2/stm32cubeide/plugins/com.st.stm32cube.ide.mcu.externaltools.gnu-tools-for-stm32.10.3-2021.10.win32_1.0.100.202210260954/tools/bin/../lib/gcc/arm-none-eabi/10.3.1/../../../../arm-none-eabi/lib/thumb/v7e-m+fp/hard\libc_nano.a(lib_a-init.o)
 .ARM.attributes
                0x00000000000002e3       0x34 c:/st/stm32cubeide_1.11.2/stm32cubeide/plugins/com.st.stm32cube.ide.mcu.externaltools.gnu-tools-for-stm32.10.3-2021.10.win32_1.0.100.202210260954/tools/bin/../lib/gcc/arm-none-eabi/10.3.1/../../../../arm-none-eabi/lib/thumb/v7e-m+fp/hard\libc_nano.a(lib_a-memset.o)
 .ARM.attributes
                0x0000000000000317       0x1e c:/st/stm32cubeide_1.11.2/stm32cubeide/plugins/com.st.stm32cube.ide.mcu.externaltools.gnu-tools-for-stm32.10.3-2021.10.win32_1.0.100.202210260954/tools/bin/../lib/gcc/arm-none-eabi/10.3.1/thumb/v7e-m+fp/hard\libgcc.a(_arm_addsubdf3.o)
 .ARM.attributes
                0x0000000000000335       0x1e c:/st/stm32cubeide_1.11.2/stm32cubeide/plugins/com.st.stm32cube.ide.mcu.externaltools.gnu-tools-for-stm32.10.3-2021.10.win32_1.0.100.202210260954/tools/bin/../lib/gcc/arm-none-eabi/10.3.1/thumb/v7e-m+fp/hard\libgcc.a(_arm_muldivdf3.o)
 .ARM.attributes
                0x0000000000000353       0x1e c:/st/stm32cubeide_1.11.2/stm32cubeide/plugins/com.st.stm32cube.ide.mcu.externaltools.gnu-tools-for-stm32.10.3-2021.10.win32_1.0.100.202210260954/tools/bin/../lib/gcc/arm-none-eabi/10.3.1/thumb/v7e-m+fp/hard\libgcc.a(_arm_fixunsdfsi.o)
 .ARM.attributes
                0x0000000000000371       0x1e c:/st/stm32cubeide_1.11.2/stm32cubeide/plugins/com.st.stm32cube.ide.mcu.externaltools.gnu-tools-for-stm32.10.3-2021.10.win32_1.0.100.202210260954/tools/bin/../lib/gcc/arm-none-eabi/10.3.1/thumb/v7e-m+fp/hard\libgcc.a(_aeabi_uldivmod.o)
 .ARM.attributes
                0x000000000000038f       0x34 c:/st/stm32cubeide_1.11.2/stm32cubeide/plugins/com.st.stm32cube.ide.mcu.externaltools.gnu-tools-for-stm32.10.3-2021.10.win32_1.0.100.202210260954/tools/bin/../lib/gcc/arm-none-eabi/10.3.1/thumb/v7e-m+fp/hard\libgcc.a(_udivmoddi4.o)
 .ARM.attributes
                0x00000000000003c3       0x1e c:/st/stm32cubeide_1.11.2/stm32cubeide/plugins/com.st.stm32cube.ide.mcu.externaltools.gnu-tools-for-stm32.10.3-2021.10.win32_1.0.100.202210260954/tools/bin/../lib/gcc/arm-none-eabi/10.3.1/thumb/v7e-m+fp/hard\libgcc.a(_dvmd_tls.o)
 .ARM.attributes
                0x00000000000003e1       0x1e c:/st/stm32cubeide_1.11.2/stm32cubeide/plugins/com.st.stm32cube.ide.mcu.externaltools.gnu-tools-for-stm32.10.3-2021.10.win32_1.0.100.202210260954/tools/bin/../lib/gcc/arm-none-eabi/10.3.1/thumb/v7e-m+fp/hard/crtn.o
OUTPUT(problem3.elf elf32-littlearm)
LOAD linker stubs
LOAD c:/st/stm32cubeide_1.11.2/stm32cubeide/plugins/com.st.stm32cube.ide.mcu.externaltools.gnu-tools-for-stm32.10.3-2021.10.win32_1.0.100.202210260954/tools/bin/../lib/gcc/arm-none-eabi/10.3.1/../../../../arm-none-eabi/lib/thumb/v7e-m+fp/hard\libc.a
LOAD c:/st/stm32cubeide_1.11.2/stm32cubeide/plugins/com.st.stm32cube.ide.mcu.externaltools.gnu-tools-for-stm32.10.3-2021.10.win32_1.0.100.202210260954/tools/bin/../lib/gcc/arm-none-eabi/10.3.1/../../../../arm-none-eabi/lib/thumb/v7e-m+fp/hard\libm.a
LOAD c:/st/stm32cubeide_1.11.2/stm32cubeide/plugins/com.st.stm32cube.ide.mcu.externaltools.gnu-tools-for-stm32.10.3-2021.10.win32_1.0.100.202210260954/tools/bin/../lib/gcc/arm-none-eabi/10.3.1/thumb/v7e-m+fp/hard\libgcc.a

.debug_info     0x0000000000000000     0x9aec
 .debug_info    0x0000000000000000     0x142f ./Core/Src/main.o
 .debug_info    0x000000000000142f      0xd16 ./Core/Src/stm32f4xx_hal_msp.o
 .debug_info    0x0000000000002145      0x420 ./Core/Src/stm32f4xx_it.o
 .debug_info    0x0000000000002565      0x54f ./Core/Src/system_stm32f4xx.o
 .debug_info    0x0000000000002ab4       0x22 ./Core/Startup/startup_stm32f411retx.o
 .debug_info    0x0000000000002ad6      0x90d ./Drivers/STM32F4xx_HAL_Driver/Src/stm32f4xx_hal.o
 .debug_info    0x00000000000033e3      0xd68 ./Drivers/STM32F4xx_HAL_Driver/Src/stm32f4xx_hal_adc.o
 .debug_info    0x000000000000414b      0xd8b ./Drivers/STM32F4xx_HAL_Driver/Src/stm32f4xx_hal_cortex.o
 .debug_info    0x0000000000004ed6      0x947 ./Drivers/STM32F4xx_HAL_Driver/Src/stm32f4xx_hal_dma.o
 .debug_info    0x000000000000581d      0x78e ./Drivers/STM32F4xx_HAL_Driver/Src/stm32f4xx_hal_gpio.o
 .debug_info    0x0000000000005fab      0x98d ./Drivers/STM32F4xx_HAL_Driver/Src/stm32f4xx_hal_rcc.o
 .debug_info    0x0000000000006938     0x31b4 ./Drivers/STM32F4xx_HAL_Driver/Src/stm32f4xx_hal_uart.o

.debug_abbrev   0x0000000000000000     0x1884
 .debug_abbrev  0x0000000000000000      0x344 ./Core/Src/main.o
 .debug_abbrev  0x0000000000000344      0x1ed ./Core/Src/stm32f4xx_hal_msp.o
 .debug_abbrev  0x0000000000000531      0x145 ./Core/Src/stm32f4xx_it.o
 .debug_abbrev  0x0000000000000676      0x116 ./Core/Src/system_stm32f4xx.o
 .debug_abbrev  0x000000000000078c       0x12 ./Core/Startup/startup_stm32f411retx.o
 .debug_abbrev  0x000000000000079e      0x23e ./Drivers/STM32F4xx_HAL_Driver/Src/stm32f4xx_hal.o
 .debug_abbrev  0x00000000000009dc      0x204 ./Drivers/STM32F4xx_HAL_Driver/Src/stm32f4xx_hal_adc.o
 .debug_abbrev  0x0000000000000be0      0x316 ./Drivers/STM32F4xx_HAL_Driver/Src/stm32f4xx_hal_cortex.o
 .debug_abbrev  0x0000000000000ef6      0x21b ./Drivers/STM32F4xx_HAL_Driver/Src/stm32f4xx_hal_dma.o
 .debug_abbrev  0x0000000000001111      0x1c4 ./Drivers/STM32F4xx_HAL_Driver/Src/stm32f4xx_hal_gpio.o
 .debug_abbrev  0x00000000000012d5      0x2aa ./Drivers/STM32F4xx_HAL_Driver/Src/stm32f4xx_hal_rcc.o
 .debug_abbrev  0x000000000000157f      0x305 ./Drivers/STM32F4xx_HAL_Driver/Src/stm32f4xx_hal_uart.o

.debug_aranges  0x0000000000000000      0x7c8
 .debug_aranges
                0x0000000000000000       0x68 ./Core/Src/main.o
 .debug_aranges
                0x0000000000000068       0x40 ./Core/Src/stm32f4xx_hal_msp.o
 .debug_aranges
                0x00000000000000a8       0x70 ./Core/Src/stm32f4xx_it.o
 .debug_aranges
                0x0000000000000118       0x28 ./Core/Src/system_stm32f4xx.o
 .debug_aranges
                0x0000000000000140       0x28 ./Core/Startup/startup_stm32f411retx.o
 .debug_aranges
                0x0000000000000168       0xf0 ./Drivers/STM32F4xx_HAL_Driver/Src/stm32f4xx_hal.o
 .debug_aranges
                0x0000000000000258       0xe8 ./Drivers/STM32F4xx_HAL_Driver/Src/stm32f4xx_hal_adc.o
 .debug_aranges
                0x0000000000000340      0x118 ./Drivers/STM32F4xx_HAL_Driver/Src/stm32f4xx_hal_cortex.o
 .debug_aranges
                0x0000000000000458       0x90 ./Drivers/STM32F4xx_HAL_Driver/Src/stm32f4xx_hal_dma.o
 .debug_aranges
                0x00000000000004e8       0x58 ./Drivers/STM32F4xx_HAL_Driver/Src/stm32f4xx_hal_gpio.o
 .debug_aranges
                0x0000000000000540       0x88 ./Drivers/STM32F4xx_HAL_Driver/Src/stm32f4xx_hal_rcc.o
 .debug_aranges
                0x00000000000005c8      0x200 ./Drivers/STM32F4xx_HAL_Driver/Src/stm32f4xx_hal_uart.o

.debug_ranges   0x0000000000000000      0x740
 .debug_ranges  0x0000000000000000       0x58 ./Core/Src/main.o
 .debug_ranges  0x0000000000000058       0x30 ./Core/Src/stm32f4xx_hal_msp.o
 .debug_ranges  0x0000000000000088       0x60 ./Core/Src/stm32f4xx_it.o
 .debug_ranges  0x00000000000000e8       0x18 ./Core/Src/system_stm32f4xx.o
 .debug_ranges  0x0000000000000100       0x20 ./Core/Startup/startup_stm32f411retx.o
 .debug_ranges  0x0000000000000120       0xe0 ./Drivers/STM32F4xx_HAL_Driver/Src/stm32f4xx_hal.o
 .debug_ranges  0x0000000000000200       0xd8 ./Drivers/STM32F4xx_HAL_Driver/Src/stm32f4xx_hal_adc.o
 .debug_ranges  0x00000000000002d8      0x108 ./Drivers/STM32F4xx_HAL_Driver/Src/stm32f4xx_hal_cortex.o
 .debug_ranges  0x00000000000003e0       0x80 ./Drivers/STM32F4xx_HAL_Driver/Src/stm32f4xx_hal_dma.o
 .debug_ranges  0x0000000000000460       0x48 ./Drivers/STM32F4xx_HAL_Driver/Src/stm32f4xx_hal_gpio.o
 .debug_ranges  0x00000000000004a8       0x78 ./Drivers/STM32F4xx_HAL_Driver/Src/stm32f4xx_hal_rcc.o
 .debug_ranges  0x0000000000000520      0x220 ./Drivers/STM32F4xx_HAL_Driver/Src/stm32f4xx_hal_uart.o

.debug_macro    0x0000000000000000    0x15d76
 .debug_macro   0x0000000000000000      0x1f1 ./Core/Src/main.o
 .debug_macro   0x00000000000001f1      0xa78 ./Core/Src/main.o
 .debug_macro   0x0000000000000c69      0x29b ./Core/Src/main.o
 .debug_macro   0x0000000000000f04       0x2e ./Core/Src/main.o
 .debug_macro   0x0000000000000f32       0x28 ./Core/Src/main.o
 .debug_macro   0x0000000000000f5a       0x22 ./Core/Src/main.o
 .debug_macro   0x0000000000000f7c       0x8e ./Core/Src/main.o
 .debug_macro   0x000000000000100a       0x51 ./Core/Src/main.o
 .debug_macro   0x000000000000105b      0x103 ./Core/Src/main.o
 .debug_macro   0x000000000000115e       0x6a ./Core/Src/main.o
 .debug_macro   0x00000000000011c8      0x1df ./Core/Src/main.o
 .debug_macro   0x00000000000013a7       0x1c ./Core/Src/main.o
 .debug_macro   0x00000000000013c3       0x22 ./Core/Src/main.o
 .debug_macro   0x00000000000013e5       0xd9 ./Core/Src/main.o
 .debug_macro   0x00000000000014be     0x102d ./Core/Src/main.o
 .debug_macro   0x00000000000024eb      0x11f ./Core/Src/main.o
 .debug_macro   0x000000000000260a     0xb953 ./Core/Src/main.o
 .debug_macro   0x000000000000df5d       0x6d ./Core/Src/main.o
 .debug_macro   0x000000000000dfca     0x367e ./Core/Src/main.o
 .debug_macro   0x0000000000011648      0x174 ./Core/Src/main.o
 .debug_macro   0x00000000000117bc       0x5c ./Core/Src/main.o
 .debug_macro   0x0000000000011818      0x447 ./Core/Src/main.o
 .debug_macro   0x0000000000011c5f      0x9fe ./Core/Src/main.o
 .debug_macro   0x000000000001265d      0x115 ./Core/Src/main.o
 .debug_macro   0x0000000000012772      0x11b ./Core/Src/main.o
 .debug_macro   0x000000000001288d       0xa5 ./Core/Src/main.o
 .debug_macro   0x0000000000012932      0x15f ./Core/Src/main.o
 .debug_macro   0x0000000000012a91      0x287 ./Core/Src/main.o
 .debug_macro   0x0000000000012d18       0x5f ./Core/Src/main.o
 .debug_macro   0x0000000000012d77      0x236 ./Core/Src/main.o
 .debug_macro   0x0000000000012fad      0x9e1 ./Core/Src/main.o
 .debug_macro   0x000000000001398e      0x38b ./Core/Src/main.o
 .debug_macro   0x0000000000013d19      0x17d ./Core/Src/main.o
 .debug_macro   0x0000000000013e96       0xf9 ./Core/Src/main.o
 .debug_macro   0x0000000000013f8f      0x132 ./Core/Src/main.o
 .debug_macro   0x00000000000140c1      0x264 ./Core/Src/main.o
 .debug_macro   0x0000000000014325       0x2e ./Core/Src/main.o
 .debug_macro   0x0000000000014353      0x11a ./Core/Src/main.o
 .debug_macro   0x000000000001446d       0x85 ./Core/Src/main.o
 .debug_macro   0x00000000000144f2       0x89 ./Core/Src/main.o
 .debug_macro   0x000000000001457b      0x295 ./Core/Src/main.o
 .debug_macro   0x0000000000014810      0x126 ./Core/Src/main.o
 .debug_macro   0x0000000000014936       0xb2 ./Core/Src/main.o
 .debug_macro   0x00000000000149e8      0x1f1 ./Core/Src/stm32f4xx_hal_msp.o
 .debug_macro   0x0000000000014bd9      0x1fb ./Core/Src/stm32f4xx_it.o
 .debug_macro   0x0000000000014dd4      0x1e2 ./Core/Src/system_stm32f4xx.o
 .debug_macro   0x0000000000014fb6      0x242 ./Drivers/STM32F4xx_HAL_Driver/Src/stm32f4xx_hal.o
 .debug_macro   0x00000000000151f8      0x1e3 ./Drivers/STM32F4xx_HAL_Driver/Src/stm32f4xx_hal_adc.o
 .debug_macro   0x00000000000153db      0x1e2 ./Drivers/STM32F4xx_HAL_Driver/Src/stm32f4xx_hal_cortex.o
 .debug_macro   0x00000000000155bd      0x1e8 ./Drivers/STM32F4xx_HAL_Driver/Src/stm32f4xx_hal_dma.o
 .debug_macro   0x00000000000157a5      0x1e8 ./Drivers/STM32F4xx_HAL_Driver/Src/stm32f4xx_hal_gpio.o
 .debug_macro   0x000000000001598d      0x206 ./Drivers/STM32F4xx_HAL_Driver/Src/stm32f4xx_hal_rcc.o
 .debug_macro   0x0000000000015b93      0x1e3 ./Drivers/STM32F4xx_HAL_Driver/Src/stm32f4xx_hal_uart.o

.debug_line     0x0000000000000000     0x9ada
 .debug_line    0x0000000000000000      0xa32 ./Core/Src/main.o
 .debug_line    0x0000000000000a32      0x796 ./Core/Src/stm32f4xx_hal_msp.o
 .debug_line    0x00000000000011c8      0x7cc ./Core/Src/stm32f4xx_it.o
 .debug_line    0x0000000000001994      0x75b ./Core/Src/system_stm32f4xx.o
 .debug_line    0x00000000000020ef       0x88 ./Core/Startup/startup_stm32f411retx.o
 .debug_line    0x0000000000002177      0x9c1 ./Drivers/STM32F4xx_HAL_Driver/Src/stm32f4xx_hal.o
 .debug_line    0x0000000000002b38     0x1171 ./Drivers/STM32F4xx_HAL_Driver/Src/stm32f4xx_hal_adc.o
 .debug_line    0x0000000000003ca9      0xc70 ./Drivers/STM32F4xx_HAL_Driver/Src/stm32f4xx_hal_cortex.o
 .debug_line    0x0000000000004919      0xf25 ./Drivers/STM32F4xx_HAL_Driver/Src/stm32f4xx_hal_dma.o
 .debug_line    0x000000000000583e      0xaf9 ./Drivers/STM32F4xx_HAL_Driver/Src/stm32f4xx_hal_gpio.o
 .debug_line    0x0000000000006337      0xd3d ./Drivers/STM32F4xx_HAL_Driver/Src/stm32f4xx_hal_rcc.o
 .debug_line    0x0000000000007074     0x2a66 ./Drivers/STM32F4xx_HAL_Driver/Src/stm32f4xx_hal_uart.o

.debug_str      0x0000000000000000    0x8d937
 .debug_str     0x0000000000000000    0x8be5b ./Core/Src/main.o
                                      0x8c180 (size before relaxing)
 .debug_str     0x000000000008be5b       0xc6 ./Core/Src/stm32f4xx_hal_msp.o
                                      0x8bb4c (size before relaxing)
 .debug_str     0x000000000008bf21      0x122 ./Core/Src/stm32f4xx_it.o
                                      0x8b66a (size before relaxing)
 .debug_str     0x000000000008c043       0xdb ./Core/Src/system_stm32f4xx.o
                                      0x8b28b (size before relaxing)
 .debug_str     0x000000000008c11e       0x36 ./Core/Startup/startup_stm32f411retx.o
                                         0x6e (size before relaxing)
 .debug_str     0x000000000008c154      0x5ee ./Drivers/STM32F4xx_HAL_Driver/Src/stm32f4xx_hal.o
                                      0x8bcb7 (size before relaxing)
 .debug_str     0x000000000008c742      0x2be ./Drivers/STM32F4xx_HAL_Driver/Src/stm32f4xx_hal_adc.o
                                      0x8b866 (size before relaxing)
 .debug_str     0x000000000008ca00      0x33a ./Drivers/STM32F4xx_HAL_Driver/Src/stm32f4xx_hal_cortex.o
                                      0x8b9d8 (size before relaxing)
 .debug_str     0x000000000008cd3a      0x2d5 ./Drivers/STM32F4xx_HAL_Driver/Src/stm32f4xx_hal_dma.o
                                      0x8b693 (size before relaxing)
 .debug_str     0x000000000008d00f       0xf2 ./Drivers/STM32F4xx_HAL_Driver/Src/stm32f4xx_hal_gpio.o
                                      0x8b406 (size before relaxing)
 .debug_str     0x000000000008d101      0x233 ./Drivers/STM32F4xx_HAL_Driver/Src/stm32f4xx_hal_rcc.o
                                      0x8b6bf (size before relaxing)
 .debug_str     0x000000000008d334      0x603 ./Drivers/STM32F4xx_HAL_Driver/Src/stm32f4xx_hal_uart.o
                                      0x8bc4c (size before relaxing)

.comment        0x0000000000000000       0x50
 .comment       0x0000000000000000       0x50 ./Core/Src/main.o
                                         0x51 (size before relaxing)
 .comment       0x0000000000000050       0x51 ./Core/Src/stm32f4xx_hal_msp.o
 .comment       0x0000000000000050       0x51 ./Core/Src/stm32f4xx_it.o
 .comment       0x0000000000000050       0x51 ./Core/Src/system_stm32f4xx.o
 .comment       0x0000000000000050       0x51 ./Drivers/STM32F4xx_HAL_Driver/Src/stm32f4xx_hal.o
 .comment       0x0000000000000050       0x51 ./Drivers/STM32F4xx_HAL_Driver/Src/stm32f4xx_hal_adc.o
 .comment       0x0000000000000050       0x51 ./Drivers/STM32F4xx_HAL_Driver/Src/stm32f4xx_hal_cortex.o
 .comment       0x0000000000000050       0x51 ./Drivers/STM32F4xx_HAL_Driver/Src/stm32f4xx_hal_dma.o
 .comment       0x0000000000000050       0x51 ./Drivers/STM32F4xx_HAL_Driver/Src/stm32f4xx_hal_gpio.o
 .comment       0x0000000000000050       0x51 ./Drivers/STM32F4xx_HAL_Driver/Src/stm32f4xx_hal_rcc.o
 .comment       0x0000000000000050       0x51 ./Drivers/STM32F4xx_HAL_Driver/Src/stm32f4xx_hal_uart.o

.debug_frame    0x0000000000000000     0x203c
 .debug_frame   0x0000000000000000      0x154 ./Core/Src/main.o
 .debug_frame   0x0000000000000154       0xc4 ./Core/Src/stm32f4xx_hal_msp.o
 .debug_frame   0x0000000000000218      0x13c ./Core/Src/stm32f4xx_it.o
 .debug_frame   0x0000000000000354       0x58 ./Core/Src/system_stm32f4xx.o
 .debug_frame   0x00000000000003ac      0x374 ./Drivers/STM32F4xx_HAL_Driver/Src/stm32f4xx_hal.o
 .debug_frame   0x0000000000000720      0x3fc ./Drivers/STM32F4xx_HAL_Driver/Src/stm32f4xx_hal_adc.o
 .debug_frame   0x0000000000000b1c      0x498 ./Drivers/STM32F4xx_HAL_Driver/Src/stm32f4xx_hal_cortex.o
 .debug_frame   0x0000000000000fb4      0x250 ./Drivers/STM32F4xx_HAL_Driver/Src/stm32f4xx_hal_dma.o
 .debug_frame   0x0000000000001204      0x14c ./Drivers/STM32F4xx_HAL_Driver/Src/stm32f4xx_hal_gpio.o
 .debug_frame   0x0000000000001350      0x1f4 ./Drivers/STM32F4xx_HAL_Driver/Src/stm32f4xx_hal_rcc.o
 .debug_frame   0x0000000000001544      0x92c ./Drivers/STM32F4xx_HAL_Driver/Src/stm32f4xx_hal_uart.o
 .debug_frame   0x0000000000001e70       0x2c c:/st/stm32cubeide_1.11.2/stm32cubeide/plugins/com.st.stm32cube.ide.mcu.externaltools.gnu-tools-for-stm32.10.3-2021.10.win32_1.0.100.202210260954/tools/bin/../lib/gcc/arm-none-eabi/10.3.1/../../../../arm-none-eabi/lib/thumb/v7e-m+fp/hard\libc_nano.a(lib_a-init.o)
 .debug_frame   0x0000000000001e9c       0x20 c:/st/stm32cubeide_1.11.2/stm32cubeide/plugins/com.st.stm32cube.ide.mcu.externaltools.gnu-tools-for-stm32.10.3-2021.10.win32_1.0.100.202210260954/tools/bin/../lib/gcc/arm-none-eabi/10.3.1/../../../../arm-none-eabi/lib/thumb/v7e-m+fp/hard\libc_nano.a(lib_a-memset.o)
 .debug_frame   0x0000000000001ebc       0xac c:/st/stm32cubeide_1.11.2/stm32cubeide/plugins/com.st.stm32cube.ide.mcu.externaltools.gnu-tools-for-stm32.10.3-2021.10.win32_1.0.100.202210260954/tools/bin/../lib/gcc/arm-none-eabi/10.3.1/thumb/v7e-m+fp/hard\libgcc.a(_arm_addsubdf3.o)
 .debug_frame   0x0000000000001f68       0x50 c:/st/stm32cubeide_1.11.2/stm32cubeide/plugins/com.st.stm32cube.ide.mcu.externaltools.gnu-tools-for-stm32.10.3-2021.10.win32_1.0.100.202210260954/tools/bin/../lib/gcc/arm-none-eabi/10.3.1/thumb/v7e-m+fp/hard\libgcc.a(_arm_muldivdf3.o)
 .debug_frame   0x0000000000001fb8       0x24 c:/st/stm32cubeide_1.11.2/stm32cubeide/plugins/com.st.stm32cube.ide.mcu.externaltools.gnu-tools-for-stm32.10.3-2021.10.win32_1.0.100.202210260954/tools/bin/../lib/gcc/arm-none-eabi/10.3.1/thumb/v7e-m+fp/hard\libgcc.a(_arm_fixunsdfsi.o)
 .debug_frame   0x0000000000001fdc       0x2c c:/st/stm32cubeide_1.11.2/stm32cubeide/plugins/com.st.stm32cube.ide.mcu.externaltools.gnu-tools-for-stm32.10.3-2021.10.win32_1.0.100.202210260954/tools/bin/../lib/gcc/arm-none-eabi/10.3.1/thumb/v7e-m+fp/hard\libgcc.a(_aeabi_uldivmod.o)
 .debug_frame   0x0000000000002008       0x34 c:/st/stm32cubeide_1.11.2/stm32cubeide/plugins/com.st.stm32cube.ide.mcu.externaltools.gnu-tools-for-stm32.10.3-2021.10.win32_1.0.100.202210260954/tools/bin/../lib/gcc/arm-none-eabi/10.3.1/thumb/v7e-m+fp/hard\libgcc.a(_udivmoddi4.o)
